
== meio_ambiente (meio ambiente): 0/114 on disk
  [1/114] PL_255_2026.pdf  Dispõe sobre o reconhecimento e a proteção jurídica dos animais comunitários.
  [2/114] PL_261_2026.pdf  Reconhece a criação legalizada de passeriformes como atividade lícita de relevan
  [3/114] PL_415_2026.pdf  Institui diretrizes nacionais para o tratamento e a gestão ambientalmente adequa
  [4/114] PL_561_2026.pdf  Institui o “Disque Animal” para recebimento de denúncias de maus-tratos contra a
  [5/114] PL_742_2026.pdf  Proíbe a pulverização aérea de agrotóxicos em todo o território nacional, estabe
  [6/114] PL_752_2026.pdf  Institui a Política Nacional de Justiça Climática e Proteção de Populações Vulne
  [7/114] PL_770_2026.pdf  Institui o Programa Nacional de Solidariedade Veterinária, destinado ao recebime
  [8/114] PLP_42_2026.pdf  Altera a Lei Complementar nº 214, de 16 de janeiro de 2025, para dispor sobre os
  [9/114] PL_993_2026.pdf  Altera a Lei nº 6.938, de 31 de agosto de 1981, para incluir referência ao siste
  [10/114] PL_1502_2026.pdf  Institui a Política Nacional de Justiça Climática e de Combate ao Racismo Ambien
  [11/114] PDL_182_2026.pdf  Susta os efeitos da Portaria GM/MMA nº 1.643, de 30 de março de 2026, que instit
  [12/114] PRC_21_2026.pdf  Institui o Prêmio Câmara Ambiental e Desenvolvimento Sustentável e dá outras pro
  [13/114] PDL_253_2026.pdf  Susta os efeitos do Decreto nº 12.888, de 23 de março de 2026, que Cria a Reserv
  [14/114] PDL_261_2026.pdf  Susta o Decreto nº 12.888, de 23 de março de 2026, que “Cria a Reserva de Desenv
  [15/114] PDL_263_2026.pdf  Susta os efeitos da Portaria GM/MMA nº 1.424, de 24 de junho de 2025, que reconh
  [16/114] PL_1928_2026.pdf  Dispõe sobre a apreensão, o processo administrativo de perdimento e a destinação
  [17/114] PDL_271_2026.pdf  Susta os efeitos da Portaria nº 76, de 27 de abril de 2026, do Instituto Brasile
  [18/114] PDL_352_2026.pdf  Susta os efeitos das Portarias GM/MMA nº 1.666 e 1.667, de 27 de abril de 2026, 
  [19/114] PDL_385_2026.pdf  Susta os efeitos da Portaria GM/MMA nº 1.666, de 27 de abril de 2026, do Ministé
  [20/114] PL_2586_2026.pdf  Dispõe sobre a integridade da informação sobre clima e meio ambiente, sobre o en
  [21/114] PL_2670_2026.pdf  Dispõe sobre o combate ao tráfico internacional de animais silvestres e aos maus
  [22/114] PDL_490_2026.pdf  Susta os efeitos da Portaria GM/MMA nº 1.666, de 27 de abril de 2026, do Ministé
  [23/114] PDL_566_2026.pdf  Susta, nos termos do art. 49, inciso V, da Constituição Federal, o art. 24 da Po
  [24/114] PDL_567_2026.pdf  Susta os efeitos da Portaria Interministerial MPA/MMA nº 51, de 27 de fevereiro 
  [25/114] PDL_568_2026.pdf  Susta os efeitos da Portaria Interministerial MPA/MMA nº 26/2025.
  [26/114] PL_2973_2026.pdf  Institui a Política Nacional de Segurança Ambiental e Produtiva do Pantanal, rec
  [27/114] PL_3002_2026.pdf  Dispõe sobre a limpeza de pastagem em áreas rurais consolidadas, estabelece crit
  [28/114] PDL_608_2026.pdf  Susta os efeitos da Portaria Interministerial MPA/MMA nº 51, de 27 de fevereiro 
  [29/114] PLP_171_2026.pdf  Altera a Lei Complementar nº 64, de 18 de maio de 1990, para estabelecer hipótes
  [30/114] MPV_1367_2026.pdf  Abre crédito extraordinário, em favor do Ministério do Meio Ambiente e Mudança d
  [31/114] PDL_611_2026.pdf  Susta os efeitos do Decreto nº 13.013, de 10 de junho de 2026, que altera o Decr
  [32/114] PL_3192_2026.pdf  Institui obrigações de prevenção e mitigação de mortalidade de fauna silvestre e
  [33/114] PDL_684_2026.pdf  Susta os efeitos do Decreto nº 13.013, de 10 de junho de 2026, que altera o Decr
  [34/114] PL_3336_2026.pdf  Altera a Lei nº 15.282, de 9 de dezembro de 2025, para estender às Organizações 
  [35/114] PL_3424_2026.pdf  Institui a Lei Emprego Local e Contrapartida Social nos Grandes Empreendimentos,
  [36/114] MPV_1375_2026.pdf  Amplia o rol de Carreiras e Planos Especiais de Cargos cujos ocupantes fazem jus
  [37/114] PL_3522_2026.pdf  Altera a redação da Lei nº 12.334, de 20 de setembro de 2010, para dispor sobre 
  [38/114] PL_3535_2026.pdf  Altera a Lei nº 13.675, de 2018, para determinar o uso de tecnologias de seguran
  [39/114] PL_3977_2026.pdf  Altera a Lei nº 6.938, de 31 de agosto de 1981, que dispõe sobre a Política Naci
  [40/114] PL_4165_2026.pdf  Altera a Lei nº 6.938, de 31 de agosto de 1981, que dispõe sobre a Política Naci
  [41/114] PL_4290_2026.pdf  Altera a Lei nº 6.938, de 31 de agosto de 1981, para aprimorar o procedimento de
  [42/114] PRC_41_2026.pdf  Estabelece a exigência de discussão e votação presenciais, no Plenário da Câmara
  [43/114] PL_4943_2026.pdf  Institui pensão especial aos filhos e dependentes crianças ou adolescentes, órfã
  [44/114] PL_5209_2026.pdf  Estabelece normas gerais específicas para o licenciamento ambiental de centros d
  [45/114] PDL_999_2026.pdf  Susta, nos termos do art. 49, inciso V, da Constituição Federal, os efeitos da P
  [46/114] PDL_1001_2026.pdf  Susta, nos termos do art. 49, inciso V, da Constituição Federal, a aplicação do 
  [47/114] PL_50_2025.pdf  Inclui o art. 5º A na Lei nº 6.938, de 31 de agosto de 1981, para dispor sobre a
  [48/114] PL_257_2025.pdf  Altera a Lei nº 7.797, de 10 de julho de 1989, que cria o Fundo Nacional de Meio
  [49/114] PL_276_2025.pdf  Institui a disciplina de Meio Ambiente, Sustentabilidade e Educação Ambiental no
  [50/114] PDL_68_2025.pdf  Anula a PORTARIA MMA/MDA Nº 1.309, DE 4 DE FEVEREIRO DE 2025, que “Dispõe sobre 
  [51/114] PDL_70_2025.pdf  Susta os efeitos da Portaria Conjunta MMA/MDA nº 1.309, de 4 de fevereiro de 202
  [52/114] PDL_75_2025.pdf  Susta integralmente a Portaria MMA/MDA nº 1.309, de 4 de fevereiro de 2025.
  [53/114] PL_359_2025.pdf  Altera a Lei nº 7.797, de 10 de julho de 1989, e a Lei nº 9.605 de 12 de feverei
  [54/114] PL_366_2025.pdf  Altera a Lei nº 7.797, de 10 de julho de 1989, e a Lei nº 14.944, de 31 de julho
  [55/114] PLP_31_2025.pdf  Altera a Lei Complementar nº 214 de 16 de janeiro de 2025, que Institui o Impost
  [56/114] PL_627_2025.pdf  Autoriza que um percentual das multas ambientais originadas em áreas de amorteci
  [57/114] PL_733_2025.pdf  Dispõe sobre o Sistema Portuário Brasileiro, regula a exploração dos portos, as 
  [58/114] PDL_110_2025.pdf  Susta o inciso III, do art. 4º, da Portaria Interministerial MPA/MMA n.º 26, de 
  [59/114] PDL_111_2025.pdf  Susta os efeitos da Portaria Interministerial MPA/MMA Nº 26, de 28 de fevereiro 
  [60/114] PDL_115_2025.pdf  Susta o inciso III, do art. 4º, da Portaria Interministerial MPA/MMA nº 26, de 2
  [61/114] PDL_121_2025.pdf  Susta os efeitos da Portaria nº 26/2025 publicada pelo Ministério da Pesca e Aqu
  [62/114] PL_978_2025.pdf  Altera a redação do artigo 14, §1º, da Lei nº 6.938/81 e acrescenta parágrafo ao
  [63/114] PDL_124_2025.pdf  Susta o Despacho Decisório nº 53/2024, referente à anuência do Instituto Brasile
  [64/114] PL_1008_2025.pdf  Altera a Lei nº 8.078, de 11 de setembro de 1990 (Código de Defesa do Consumidor
  [65/114] PL_1092_2025.pdf  Dispõe sobre a destinação dos recursos arrecadados com multas ambientais aplicad
  [66/114] PL_1286_2025.pdf  Determina a criação de linha de crédito pelo Banco Nacional de Desenvolvimento E
  [67/114] PDL_140_2025.pdf  Susta os efeitos da Instrução Normativa nº 8, de 25 de março de 2024, do Institu
  [68/114] PL_1466_2025.pdf  Cria a Carreira de Desenvolvimento Socioeconômico, a Carreira de Desenvolvimento
  [69/114] PDL_151_2025.pdf  Susta dispositivos da Instrução Normativa do Instituto Brasileiro do Meio Ambien
  [70/114] PDL_168_2025.pdf  Susta os efeitos da Portaria Interministerial MPA/MMA nº 30, de 4 de abril de 20
  [71/114] PL_2397_2025.pdf  Dispõe sobre a reversão obrigatória dos lucros obtidos por meio de crime de maus
  [72/114] PL_2634_2025.pdf  Institui o Programa Nacional de Estímulo à Criação e Fortalecimento dos Conselho
  [73/114] PL_2646_2025.pdf  Dispõe sobre os crimes praticados por organizações criminosas no âmbito de grand
  [74/114] PDL_318_2025.pdf  Susta os efeitos de atos normativos editados por órgãos da administração pública
  [75/114] PRC_51_2025.pdf  Institui o Prêmio Chico Mendes de Defesa do Meio Ambiente, a ser concedido pela 
  [76/114] PDL_342_2025.pdf  Susta, nos termos do art. 49, V, da Constituição Federal, a Instrução Normativa 
  [77/114] PL_3019_2025.pdf  Altera o § 3º do art. 9º da Lei nº 8.629, de 25 de fevereiro de 1993, a fim de a
  [78/114] PL_3056_2025.pdf  Dispõe sobre o prazo máximo para a emissão de licenças, autorizações e comunicaç
  [79/114] PL_3192_2025.pdf  Cria o Monumento Natural dos Profetas, no estado de Minas Gerais.
  [80/114] PL_3313_2025.pdf  Altera a Lei nº 12.651, de 25 de maio de 2012 (Código Florestal), a Lei nº 9.605
  [81/114] PL_4108_2025.pdf  Dispõe sobre o reconhecimento, nos termos dos artigos 231 e 225 da Constituição 
  [82/114] PL_4110_2025.pdf  Altera a Lei nº 11.959, de 29 de junho de 2009, que "Dispõe sobre Política Nacio
  [83/114] PDL_615_2025.pdf  Aprova o Acordo entre o Governo da República Federativa do Brasil e o Secretaria
  [84/114] PL_4187_2025.pdf  Altera a Lei nº 10.711, de 5 de agosto de 2003, que dispõe sobre o Sistema Nacio
  [85/114] PL_4310_2025.pdf  Dispõe sobre a destinação dos recursos provenientes de atividades de mineração i
  [86/114] PL_4371_2025.pdf  Altera a Lei nº 13.756, de 12 de dezembro de 2018, para incluir mecanismo de pro
  [87/114] PL_4553_2025.pdf  Institui o Portal Nacional de Informações Estratégicas Socioambientais, Climátic
  [88/114] PL_4621_2025.pdf  Dispõe sobre a destinação de percentual das receitas públicas oriundas da explor
  [89/114] PL_4685_2025.pdf  Altera a Lei nº 9.605, de 12 de fevereiro de 1998 – Lei de Crimes Ambientais, qu
  [90/114] PDL_757_2025.pdf  Aprova o texto do Anexo VI do Protocolo ao Tratado da Antártida sobre Proteção a
  [91/114] PDL_758_2025.pdf  Susta a Resolução CONAMA Nº 510, DE 15 DE SETEMBRO DE 2025, do Conselho Nacional
  [92/114] PDL_759_2025.pdf  Susta o art. 50-A da Instrução Normativa nº 21, de 23 de dezembro de 2014, do In
  [93/114] PL_4981_2025.pdf  Altera a Lei n° 12.305, de 2 de agosto de 2010, para incluir as embalagens de vi
  [94/114] PDL_897_2025.pdf  Susta os efeitos do Despacho Decisório nº 53/2024/GABIN, do Presidente do Instit
  [95/114] PL_5407_2025.pdf  Dispõe sobre o aproveitamento de estéreis e rejeitos provenientes da atividade m
  [96/114] PDL_934_2025.pdf  Aprova o texto do Acordo Regional sobre Acesso à Informação, Participação Públic
  [97/114] PL_5911_2025.pdf  Acrescenta inciso ao art. 6º da Lei nº 10.826, de 22 de dezembro de 2003, para i
  [98/114] PL_6170_2025.pdf  Institui o Reconhecimento de Saberes e Competências para o Plano de Carreira dos
  [99/114] PL_6303_2025.pdf  Cria a Plataforma Nacional “Guardiões da Floresta”, destinada ao monitoramento a
  [100/114] PDL_1211_2025.pdf  Susta os efeitos dos estudos preliminares e de quaisquer atos administrativos de
  [101/114] MPV_1330_2025.pdf  Abre crédito extraordinário, em favor do Ministério do Meio Ambiente e Mudança d
  [102/114] PL_6888_2025.pdf  Dispõe sobre o estímulo à prática do escotismo nas escolas públicas brasileiras 
  [103/114] PL_6889_2025.pdf  Dispõe sobre a inclusão da Educação em Direito dos Animais nos currículos escola
  [104/114] PL_7090_2025.pdf  Dispõe sobre a prevenção e repressão ao greenwashing na indústria da moda e do v
  [105/114] PL_7213_2025.pdf  Cria o Selo Brasil Contra o Desperdício, atribuído a empresas e instituições que
  [106/114] PL_161_2024.pdf  Dispõe sobre o Programa de Fomento às Cidades Resilientes e dá outras providênci
  [107/114] PL_454_2024.pdf  Altera a Lei nº 7.797, de 10 de julho de 1989, e a Lei nº 9.605 de 12 de feverei
  [108/114] PL_716_2024.pdf  Dispõe sobre as condições de comercialização de produtos cosméticos mediante pro
  [109/114] MPV_1209_2024.pdf  Abre crédito extraordinário, em favor dos Ministérios da Justiça e Segurança Púb
  [110/114] PLP_29_2024.pdf  Dispõe sobre a regulamentação do imposto seletivo previsto na Emenda Constitucio
  [111/114] PL_1257_2024.pdf  Dispõe sobre a criação da Política Nacional de Conservação do Solo e Incentivo a
  [112/114] PL_1275_2024.pdf  Altera a Lei nº 12.187, de 29 de dezembro de 2009, que institui a Política Nacio
  [113/114] PL_1277_2024.pdf  Destina percentual de 5% (cinco por cento) da Compensação Financeira pela Explor
  [114/114] PL_1377_2024.pdf  Institui o Dia Nacional do Reflorestamento e dos Corações Unidos pela Cura da Te

== saude (saúde): 0/114 on disk
  [1/114] PDL_3_2026.pdf  Susta os efeitos da Portaria MTE nº 104/2026, do Ministério do Trabalho, que “Al
  [2/114] PL_42_2026.pdf  Determina a inclusão da vacina contra a Herpes Zoster no Programa Nacional de Im
  [3/114] PL_44_2026.pdf  Institui prazo máximo para a realização de exames essenciais no âmbito do Sistem
  [4/114] PL_74_2026.pdf  Assegura ao paciente, bem como a seu representante legal ou responsável, o direi
  [5/114] PL_88_2026.pdf  Altera a Lei nº 14.758, de 19 de dezembro de 2023, que institui a Política Nacio
  [6/114] PL_92_2026.pdf  Institui incentivo fiscal para médicos, clínicas e hospitais veterinários que pr
  [7/114] PL_103_2026.pdf  Dispõe sobre a desoneração de tributos federais incidentes sobre medicamentos on
  [8/114] PL_113_2026.pdf  Dispõe sobre a oferta de procedimentos de habilitação e reabilitação em saúde pa
  [9/114] PDL_9_2026.pdf  Susta a aplicação de dispositivos da Norma Regulamentadora nº 31 – Segurança e S
  [10/114] PL_126_2026.pdf  Dispõe sobre o direito à desconexão do trabalho, altera a Consolidação das Leis 
  [11/114] PL_132_2026.pdf  Institui o Programa “Psicólogo na Escola” para a promoção da saúde mental na edu
  [12/114] PL_136_2026.pdf  Institui o Programa “Guilherme Motta”- Programa Nacional de Amparo Integral aos 
  [13/114] PL_181_2026.pdf  Institui a Política Nacional de Atenção Integral às Pessoas com Síndromes Doloro
  [14/114] PL_182_2026.pdf  Institui a Política Nacional de Atenção Integral à Pessoa com Vitiligo no âmbito
  [15/114] PL_190_2026.pdf  Estabelece diretrizes gerais para o reconhecimento das corridas de rua e eventos
  [16/114] PL_194_2026.pdf  Dispõe sobre a regulamentação da atuação da Enfermagem na modalidade de atenção 
  [17/114] PL_195_2026.pdf  Altera o Código Penal para aumentar a pena do crime de feminicídio quando pratic
  [18/114] PL_197_2026.pdf  Institui a Lei Nacional de Regulação das Instituições de Longa Permanência para 
  [19/114] PL_218_2026.pdf  Altera a Lei nº 10.861, de 14 de abril de 2004, para aperfeiçoar os instrumentos
  [20/114] PL_225_2026.pdf  Institui a Política Nacional de Despoluição Sonora e dispõe sobre seus princípio
  [21/114] PL_239_2026.pdf  Altera o Decreto-Lei nº 2.848, de 7 de dezembro de 1940 - Código Penal para qual
  [22/114] PL_248_2026.pdf  Dispõe sobre a responsabilidade do empregador pela guarda, limpeza e higienizaçã
  [23/114] PDL_14_2026.pdf  Susta a inclusão das Comunidades Terapêuticas nos Serviços de Atenção Residencia
  [24/114] PL_277_2026.pdf  Dispõe sobre a vinculação do Exame Nacional de Avaliação dos Cursos de Medicina 
  [25/114] PL_279_2026.pdf  Altera a Lei nº 8.742, de 7 de dezembro de 1993 (Lei Orgânica da Assistência Soc
  [26/114] PL_284_2026.pdf  Institui normas gerais para o reconhecimento e a proteção de cães e gatos comuni
  [27/114] PL_289_2026.pdf  Altera a Lei nº 8.069, de 13 de julho de 1990 (Estatuto da Criança e do Adolesce
  [28/114] PL_306_2026.pdf  Institui procedimento simplificado para celebração e execução de Termos de Execu
  [29/114] PDL_22_2026.pdf  Susta os efeitos do Decreto nº 12.833, de 26 de janeiro de 2026 que declarou de 
  [30/114] PL_338_2026.pdf  Institui a Semana Nacional dos Cuidados com o Sono.
  [31/114] PDL_23_2026.pdf  Susta os efeitos dos Decretos nºs 12.827, 12.828, 12.829, 12.830, 12.831, 12.832
  [32/114] PL_362_2026.pdf  Altera a Lei nº 10.216, de 6 de abril de 2001, para instituir diretrizes de prev
  [33/114] PL_376_2026.pdf  Altera a Lei nº 9.782, de 26 de janeiro de 1999, para dispor sobre a vedação do 
  [34/114] PL_383_2026.pdf  Institui a disciplina Educação em Proteção e Direitos dos Animais como conteúdo 
  [35/114] PL_384_2026.pdf  Dispõe sobre a vedação do financiamento, promoção e execução, com recursos públi
  [36/114] PL_386_2026.pdf  Dispõe sobre a vedação da utilização da técnica denominada constelação familiar 
  [37/114] MPV_1336_2026.pdf  Altera a Lei nº 8.036, de 11 de maio de 1990, que dispõe sobre o Fundo de Garant
  [38/114] PL_391_2026.pdf  Dispõe sobre a regulamentação da fabricação, da comercialização, da posse, do us
  [39/114] PL_394_2026.pdf  Dispõe sobre a oferta universal de exame de audiometria pelo Sistema Único de Sa
  [40/114] PL_403_2026.pdf  Estabelece diretrizes nacionais para a garantia do diagnóstico oportuno de neopl
  [41/114] PL_404_2026.pdf  Institui piso nacional para atendimentos psicológicos prestados por meio de plat
  [42/114] PL_410_2026.pdf  Institui a Política Nacional de Garantia de Prazo Máximo para Realização de Exam
  [43/114] PL_415_2026.pdf  Institui diretrizes nacionais para o tratamento e a gestão ambientalmente adequa
  [44/114] PL_416_2026.pdf  Institui a isenção do pagamento de pedágio em rodovias para veículos que transpo
  [45/114] PL_418_2026.pdf  Declara de interesse público o medicamento Lenacapavir, para fins do disposto no
  [46/114] PL_419_2026.pdf  Dispõe sobre a criação do Sistema Nacional de Rastreabilidade e Autenticação de 
  [47/114] PL_435_2026.pdf  Acrescenta o art. 88-A à Lei n.º 13.146, de 6 de julho de 2015 (Estatuto da Pess
  [48/114] PL_445_2026.pdf  Institui a Política Nacional de Ampliação do Tratamento Farmacológico da Obesida
  [49/114] PL_454_2026.pdf  Altera a Lei nº 13.819, de 26 de abril de 2019, para dispor sobre a atuação volu
  [50/114] PL_461_2026.pdf  Institui a Semana Nacional de Educação Integral em Saúde da Mulher – Lei Delas P
  [51/114] PL_463_2026.pdf  Estabelece prazo máximo nacional para realização de cirurgias eletivas no SUS (L
  [52/114] PL_476_2026.pdf  Acrescenta parágrafo ao artigo 135 do Decreto-Lei nº 2.848, de 07 de dezembro de
  [53/114] PL_483_2026.pdf  Altera o Decreto-Lei nº 2.848, de 7 de dezembro de 1940 (Código Penal), a Lei nº
  [54/114] PL_501_2026.pdf  Cria o Programa Nacional de Vacinas de Alto Impacto em Adultos e Idosos- PNVAI, 
  [55/114] PL_506_2026.pdf  Institui a Campanha Nacional Permanente “SUS para Todos – Conhecer para Cuidar”,
  [56/114] PL_515_2026.pdf  Institui a Campanha Nacional Permanente “SUS para Todos – Conhecer para Cuidar”,
  [57/114] PL_517_2026.pdf  Institui a Política Nacional de Controle e Erradicação de Fauna Exótica Invasora
  [58/114] PL_532_2026.pdf  Dispõe sobre a incorporação da dieta cetogênica como terapia nutricional complem
  [59/114] PL_545_2026.pdf  Altera a redação do art. 35-G  da Lei nº 9.656, de 3 de junho de 1998.
  [60/114] PL_546_2026.pdf  Altera a redação do art. 12 da Lei nº 9.656, de 3 de junho de 1998.
  [61/114] PL_547_2026.pdf  Altera a redação do art. 14 da Lei nº 9.656, de 3 de junho de 1998.
  [62/114] PL_548_2026.pdf  Altera a redação do art. 16 da Lei nº 9.656, de 3 de junho de 1998.
  [63/114] PL_549_2026.pdf  Altera a redação do inciso I do caput do art. 18 da Lei nº 9.656, de 3 de junho 
  [64/114] PL_550_2026.pdf  Altera a redação do inciso IV do caput do art. 18 da Lei nº 9.656, de 3 de junho
  [65/114] PL_551_2026.pdf  Altera a redação do art. 12 da Lei nº 9.656, de 3 de junho de 1998.
  [66/114] PL_553_2026.pdf  Dispõe sobre a prevenção do abandono, dos maus-tratos e da exploração reprodutiv
  [67/114] PL_567_2026.pdf  Altera a Lei n° 8.080, de 19 de setembro de 1990, para incluir a disponibilizaçã
  [68/114] PL_574_2026.pdf  Altera a Lei nº 14.826, de 20 de março de 2024, que institui a parentalidade pos
  [69/114] PLP_28_2026.pdf  Regulamenta o §1º do art. 201 da Constituição Federal para definir como atividad
  [70/114] PL_582_2026.pdf  Altera o art. 1º da Lei nº 9.656, de 3 de junho de 1998, na forma proposta pelo 
  [71/114] PL_583_2026.pdf  Acrescenta nova redação ao art. 17 da Lei nº 9.656, de 3 de junho de 1998.
  [72/114] PL_584_2026.pdf  Acrescenta o art. 13-A à Lei nº 9.656, de 3 de junho de 1998.
  [73/114] PL_585_2026.pdf  Acrescenta o art. 13-B à Lei nº 9.656, de 3 de junho de 1998.
  [74/114] PL_586_2026.pdf  Altera a redação do art. 10 da Lei nº 9.656, de 3 de junho de 1998.
  [75/114] PL_587_2026.pdf  Altera a redação do art. 12 da Lei nº 9.656, de 3 de junho de 1998.
  [76/114] PL_588_2026.pdf  Acrescenta o art. 1º-B à Lei nº 9.656, de 3 de junho de 1998.
  [77/114] PL_590_2026.pdf  Inclui no Programa Farmácia Popular do Brasil os medicamentos Mounjaro e Zepboun
  [78/114] PL_594_2026.pdf  Dispõe sobre a obrigatoriedade de repasse mínimo do valor correspondente ao piso
  [79/114] PL_601_2026.pdf  Acrescenta o art. 15-B à Lei nº 9.656, de 3 de junho de 1998.
  [80/114] PL_602_2026.pdf  Altera a redação do art. 1º da Lei nº 9.656, de 3 de junho de 1998.
  [81/114] PL_603_2026.pdf  Altera a redação do art. 31 da Lei nº 9.656, de 3 de junho de 1998.
  [82/114] PL_604_2026.pdf  Altera a redação do § 10 do art. 32 e acrescenta §§ 11 a 14 ao art. 32 da Lei nº
  [83/114] PL_605_2026.pdf  Acrescenta os § 4º e § 5º ao art. 4º da Lei nº 9.656, de 3 de junho de 1998.
  [84/114] PL_606_2026.pdf  Altera a redação do art. 10 da Lei nº 9.656, de 3 de junho de 1998.
  [85/114] PL_607_2026.pdf  Altera a redação do §4º do art. 16 da Lei nº 9.656, de 3 de junho de 1998.
  [86/114] PL_608_2026.pdf  Acrescenta o art. 17-B à  Lei nº 9.656, de 3 de junho de 1998.
  [87/114] PL_609_2026.pdf  Supre o §10 do art. 32; dá nova redação ao §10 do art. 32; e acrescenta §§ 11 a 
  [88/114] PL_610_2026.pdf  Acrescenta os arts. 15-A e 15-B à Lei nº 9.656, de 3 de junho de 1998.
  [89/114] PL_611_2026.pdf  Dispõe sobre a regulamentação, valorização e proteção dos direitos sociais dos p
  [90/114] PL_612_2026.pdf  Acrescenta ao art. 16º da Medida Provisória, o inciso XXI, § 4º, § 5º, § 6º e § 
  [91/114] PL_613_2026.pdf  Acrescenta nova redação do art. 16 da Lei nº 9.656, de 3 de junho de 1998
  [92/114] PL_616_2026.pdf  Institui, no âmbito do Sistema Único de Saúde – SUS, a função de Profissional de
  [93/114] PLP_31_2026.pdf  Regulamenta o § 1º do art. 201 da Constituição Federal para estabelecer critério
  [94/114] PL_619_2026.pdf  Institui o Programa de Fortalecimento e Estabilização Fiscal das Entidades Filan
  [95/114] PL_624_2026.pdf  Altera a Lei n.º 14.790, de 29 de dezembro de 2023, para vedar a publicidade de 
  [96/114] PL_631_2026.pdf  Cria o Marco Regulatório dos Planos de Assistência Veterinária (planos de saúde 
  [97/114] PL_632_2026.pdf  Estabelece diretrizes gerais para o fortalecimento da atuação das enfermeiras ob
  [98/114] PL_637_2026.pdf  Estabelece diretrizes para a qualificação da atenção obstétrica no âmbito do Sis
  [99/114] PL_650_2026.pdf  Dispõe sobre a implementação, no âmbito do Sistema único de Saúde – SUS, de prot
  [100/114] PL_656_2026.pdf  Institui reparação histórica às atletas integrantes da Seleção Brasileira Femini
  [101/114] PL_678_2026.pdf  Dispõe sobre a Política Nacional de Prevenção aos Riscos Psicossociais Relaciona
  [102/114] PL_687_2026.pdf  Altera a Lei nº 15.211, de 2025 (ECA Digital), para instituir mecanismos de inte
  [103/114] PL_692_2026.pdf  Altera o § 5º do art. 26 da Lei nº 8.080, de 19 de setembro de 1990, para dispor
  [104/114] PL_708_2026.pdf  Institui o Protocolo Nacional de Consulta Ginecológica Unificada e Prevenção Int
  [105/114] PL_712_2026.pdf  Altera a Lei nº 9.656, de 3 de junho de 1998, para reconhecer a cuidadora princi
  [106/114] PL_713_2026.pdf  Estabelece diretrizes para a organização da linha de cuidado às pessoas com doen
  [107/114] PL_742_2026.pdf  Proíbe a pulverização aérea de agrotóxicos em todo o território nacional, estabe
  [108/114] PL_745_2026.pdf  Altera a Lei nº 8.069, de 13 de julho de 1990, e a Lei nº 15.221, de 29 de setem
  [109/114] PL_760_2026.pdf  Institui a Política Nacional de Proteção à Pessoa com Diabetes na realização de 
  [110/114] PL_763_2026.pdf  Estabelece prazo máximo para disponibilização de medicamentos oncológicos incorp
  [111/114] PL_764_2026.pdf  Cria o Programa Nacional de Revitalização e Proteção de Territórios Impactados p
  [112/114] PL_770_2026.pdf  Institui o Programa Nacional de Solidariedade Veterinária, destinado ao recebime
  [113/114] PL_771_2026.pdf  Reconhece a Distrofia Muscular de Duchenne (DMD) como deficiência de caráter per
  [114/114] PL_780_2026.pdf  Dispõe sobre o fornecimento de informações essenciais relativas ao estado de saú

== educacao (educação): 0/114 on disk
  [1/114] PL_1_2026.pdf  Altera a Lei nº 11.892, de 29 de dezembro de 2008, que institui a Rede Federal d
  [2/114] MPV_1334_2026.pdf  Altera a Lei nº 11.738, de 16 de julho de 2008, para dispor sobre o piso salaria
  [3/114] PL_14_2026.pdf  Altera a Lei nº 9.795, de 27 de abril de 1999, para dispor sobre o bem-estar e a
  [4/114] PL_31_2026.pdf  Altera a Lei nº 15.202, de 11 de setembro de 2025, para incluir os profissionais
  [5/114] PL_35_2026.pdf  Altera a Lei nº 8.001, de 13 de março de 1990, para obrigar Estados, Distrito Fe
  [6/114] PL_52_2026.pdf  Institui a Política Nacional de Cidadania Digital, estabelecendo seus princípios
  [7/114] PL_62_2026.pdf  Regulamenta a profissão de teólogo.
  [8/114] PL_67_2026.pdf  Institui a Política Nacional de Prevenção e Enfrentamento da Violência no Ambien
  [9/114] PL_91_2026.pdf  Institui a Política Nacional de Educação para Proteção, Respeito e Empatia com o
  [10/114] PL_108_2026.pdf  Altera a Lei nº 9.250, de 26 de dezembro de 1995, para elevar o limite de deduçã
  [11/114] PL_122_2026.pdf  Institui o Programa “Assistente Social na Escola” para a promoção da inclusão e 
  [12/114] PL_127_2026.pdf  Altera a Lei nº 14.818, de 16 de janeiro de 2024, que institui incentivo finance
  [13/114] PL_131_2026.pdf  Institui a Tarifa Zero Estudantil no 	transporte público coletivo urbano para es
  [14/114] PL_132_2026.pdf  Institui o Programa “Psicólogo na Escola” para a promoção da saúde mental na edu
  [15/114] PL_173_2026.pdf  Altera a Lei nº 11.892 de 29 de dezembro de 2008 para ampliar para o seis o núme
  [16/114] PL_209_2026.pdf  Estabelece normas gerais de segurança preventiva e resposta a emergências em est
  [17/114] PL_218_2026.pdf  Altera a Lei nº 10.861, de 14 de abril de 2004, para aperfeiçoar os instrumentos
  [18/114] PL_242_2026.pdf  Altera o § 2º do art. 8° da Lei n° 9.250, de 26 de dezembro de 1995, para assegu
  [19/114] PL_256_2026.pdf  Altera a Lei nº 12.830, de 20 de junho de 2013, para dispor sobre a prioridade i
  [20/114] PL_262_2026.pdf  Acrescenta o item 1 ao parágrafo 1º. do artigo 29 da Lei 14.967 de 09 de setembr
  [21/114] PL_286_2026.pdf  Altera a Lei nº 9.394, de 20 de dezembro de 1996, e a Lei nº 9.795, de 27 de abr
  [22/114] PL_323_2026.pdf  Cria o Fundo Nacional de Inovação, Desenvolvimento, Massificação e Universalizaç
  [23/114] PL_348_2026.pdf  Institui a Educação Financeira como componente obrigatório e transversal no curr
  [24/114] PL_353_2026.pdf  Altera a Lei nº 8.842, de 4 de janeiro de 1994, que dispõe sobre a Política Naci
  [25/114] PL_383_2026.pdf  Institui a disciplina Educação em Proteção e Direitos dos Animais como conteúdo 
  [26/114] PL_426_2026.pdf  Altera a Lei nº 8.989, de 24 de fevereiro de 1995, para conceder isenção do Impo
  [27/114] PL_448_2026.pdf  Institui o Exame Nacional de Proficiência em Medicina – PROFIMED e altera as Lei
  [28/114] PL_461_2026.pdf  Institui a Semana Nacional de Educação Integral em Saúde da Mulher – Lei Delas P
  [29/114] PL_462_2026.pdf  Institui o Sistema Nacional de Prevenção à Violência Juvenil – SINAPREV-Jovem
  [30/114] PL_471_2026.pdf  Institui a obrigatoriedade da disciplina de Educação Financeira na educação bási
  [31/114] PL_480_2026.pdf  Acrescenta o art. 64-A à Lei nº 9.394, de 20 de dezembro de 1996, para dispor qu
  [32/114] PL_496_2026.pdf  Estabelece diretrizes nacionais para a implementação do programa de tutoria inte
  [33/114] PL_504_2026.pdf  Institui a Política Nacional de Reutilização, Circulação Solidária e Sustentável
  [34/114] PL_508_2026.pdf  Estabelece regra de priorização orçamentária para ações federais de educação inf
  [35/114] PL_515_2026.pdf  Institui a Campanha Nacional Permanente “SUS para Todos – Conhecer para Cuidar”,
  [36/114] PL_520_2026.pdf  Altera a Lei nº 9.394, de 1996, de diretrizes e bases da educação nacional, para
  [37/114] PL_521_2026.pdf  Declara São José de Anchieta como Patrono da educação confessional brasileira
  [38/114] PL_530_2026.pdf  Institui a Política Nacional de Autonomia Econômica Progressiva da Mulher, cria 
  [39/114] PL_537_2026.pdf  Institui a Semana Nacional pelo Direito à Água Potável e Saneamento nas Escolas 
  [40/114] PL_563_2026.pdf  Altera a Lei nº 9.795, de 27 de abril de 1999, para incluir a proteção e o bem-e
  [41/114] PL_572_2026.pdf  Reconhece a crianças e adolescentes com Transtorno do Espectro Autista (TEA) o d
  [42/114] PL_574_2026.pdf  Altera a Lei nº 14.826, de 20 de março de 2024, que institui a parentalidade pos
  [43/114] PL_577_2026.pdf  Altera a Lei nº 9.394, de 20 de dezembro de 1996, para instituir a educação trib
  [44/114] PL_617_2026.pdf  Estabelece a obrigatoriedade da presença de técnico de enfermagem nos estabeleci
  [45/114] PL_621_2026.pdf  Institui a Semana Nacional da Educação Financeira.
  [46/114] PL_632_2026.pdf  Estabelece diretrizes gerais para o fortalecimento da atuação das enfermeiras ob
  [47/114] PL_642_2026.pdf  Dispõe sobre vedação de aulas a distância (EAD), para efeitos de integralização 
  [48/114] PL_674_2026.pdf  Dispõe sobre a obrigatoriedade de inclusão da letra do Hino Nacional Brasileiro 
  [49/114] PL_685_2026.pdf  Altera a Lei nº 14.967, de 9 de setembro de 2024, que institui o Estatuto da Seg
  [50/114] PL_689_2026.pdf  Altera a Lei nº 9.795, de 27 de abril de 1999, para instituir o Selo Nacional Es
  [51/114] PL_700_2026.pdf  Institui a Garantia de Transição Assistida na Educação para crianças, adolescent
  [52/114] PL_701_2026.pdf  Institui a Certificação Nacional de Escolas Inclusivas (CNEI) e dá outras provid
  [53/114] PL_714_2026.pdf  Institui o Programa de Capacitação de professores e funcionários de estabelecime
  [54/114] PL_735_2026.pdf  Altera a Lei nº 13.675, de 11 de junho de 2018, que dispõe sobre a Política Naci
  [55/114] PL_745_2026.pdf  Altera a Lei nº 8.069, de 13 de julho de 1990, e a Lei nº 15.221, de 29 de setem
  [56/114] PL_759_2026.pdf  Altera a redação do § 9º do artigo 26 da Lei n° 9.394 de 20 de dezembro de 1996,
  [57/114] PL_773_2026.pdf  Altera a da Lei nº 	13.756, de 12 de dezembro de 2018, para ampliar percentual d
  [58/114] PL_777_2026.pdf  Altera a Lei nº 11.738, de 16 de julho de 2008, para estabelecer que o piso sala
  [59/114] PLP_38_2026.pdf  Dispõe, nos termos do art. 146, III, “a”, da Constituição Federal, sobre normas 
  [60/114] PL_873_2026.pdf  Cria a Universidade Federal da Inclusão e da Acessibilidade – UFIA
  [61/114] PL_900_2026.pdf  Institui regime especial de tributação aplicável aos profissionais do magistério
  [62/114] PL_916_2026.pdf  Estabelece diretrizes para contratações públicas e capacitações relativas a trei
  [63/114] PL_924_2026.pdf  Institui o Programa de Parentalidade Consciente, estabelece a obrigatoriedade de
  [64/114] PL_934_2026.pdf  Altera a Lei nº 9.394, de 20 de dezembro de 1996, para dispor sobre o controle d
  [65/114] PL_936_2026.pdf  Institui a Lei Escola pela Vida das Mulheres, que altera altera a Lei nº 9.394, 
  [66/114] PL_944_2026.pdf  Estabelece normas mínimas de segurança, comunicação imediata e responsabilidade 
  [67/114] PL_958_2026.pdf  Altera a Lei nº 8.069, de 13 de julho de 1990, a Lei n° 9.394, de 20 de dezembro
  [68/114] PDL_102_2026.pdf  Aprova o texto do Acordo entre o Governo da República Federativa do Brasil e o G
  [69/114] PL_983_2026.pdf  Dispõe sobre a denominação do Campus do Instituto Federal da Bahia (IFBA), em Ma
  [70/114] PL_985_2026.pdf  Institui o Programa Nacional de Renda e Reingresso Produtivo para Mulheres em Si
  [71/114] PL_1021_2026.pdf  Altera a Lei nº 9.394, de 20 de dezembro de 1996, para fortalecer, na educação b
  [72/114] PL_1047_2026.pdf  Altera a Lei nº 9.250, de 26 de dezembro de 1995, para ampliar despesas dedutíve
  [73/114] PL_1049_2026.pdf  Institui a Política Nacional para Estudantes com Altas Habilidades ou Superdotaç
  [74/114] PL_1096_2026.pdf  Dispõe sobre o Estatuto da Mulher, diploma legal que consolida os direitos e gar
  [75/114] PL_1113_2026.pdf  Altera o ECA Digital para vedar o emprego de práticas de design viciante em serv
  [76/114] PL_1145_2026.pdf  Dispõe sobre a prevenção, o combate e a responsabilização por atos de incitação,
  [77/114] PL_1171_2026.pdf  Altera a Lei nº 9.394, de 20 de dezembro de 1996, Lei de Diretrizes e Bases da E
  [78/114] PL_1196_2026.pdf  Institui a Política Nacional de Integração Tecnológica Estruturada na Educação B
  [79/114] PL_1206_2026.pdf  Institui a obrigatoriedade de disponibilização de atendimento psicológico aos pr
  [80/114] PL_1225_2026.pdf  Dispõe sobre o uso de sistemas de reconhecimento facial e outras tecnologias bio
  [81/114] PL_1237_2026.pdf  Altera a Lei nº 11.738, de 16 de julho de 2008, para vedar a alteração da carga 
  [82/114] PL_1240_2026.pdf  Institui a obrigatoriedade de instalação de Sistema de Posicionamento Global (GP
  [83/114] PL_1251_2026.pdf  Altera a Lei nº 9.394, de 20 de dezembro de 1996, para incluir, nas diretrizes c
  [84/114] PL_1271_2026.pdf  Institui o Programa Nacional AMPARA, de formação nas escolas de educação básica,
  [85/114] PL_1275_2026.pdf  Institui o Programa de Capacitação Permanente para a Abordagem Humanizada e Técn
  [86/114] PL_1278_2026.pdf  Institui a Política Nacional de Capacitação Permanente de Agentes de Segurança P
  [87/114] PL_1283_2026.pdf  Dispõe sobre o Programa Nacional de Incentivo à Docência Inclusiva.
  [88/114] PL_1293_2026.pdf  Altera o art. 18 da Lei nº 8.078, de 11 de setembro de 1990 (Código de Defesa do
  [89/114] PL_1302_2026.pdf  Institui o Programa Novas Masculinidades para Igualdade nas escolas públicas de 
  [90/114] PL_1319_2026.pdf  Institui a Política Nacional de Bem-Estar e Proteção Animal; reconhece os animai
  [91/114] PL_1346_2026.pdf  Institui o Programa Nacional de Qualificação Profissional e Empreendedorismo no 
  [92/114] PL_1347_2026.pdf  Institui a Política Nacional de Apoio ao Estudante Universitário Trabalhador.
  [93/114] PL_1350_2026.pdf  Institui o Programa Nacional de Apoio a Jovens Universitários de Baixa Renda.
  [94/114] PL_1370_2026.pdf  Dispõe sobre a isenção do IRPF incidente sobre a remuneração de professores em e
  [95/114] PL_1398_2026.pdf  Institui o Sistema Nacional de Escolas Públicas de Educação Inclusiva – SNEEI, n
  [96/114] PL_1413_2026.pdf  Institui a Política Nacional de Reestruturação Financeira das Famílias, com dire
  [97/114] PL_1416_2026.pdf  Dispõe sobre a definição, qualificação e prerrogativas das Instituições Municipa
  [98/114] PL_1418_2026.pdf  Institui a Política Nacional de Atenção Integral ao Climatério e à Menopausa.
  [99/114] PL_1435_2026.pdf  Altera a Lei nº 9.394, de 20 de dezembro de 1996, para incluir a educação para a
  [100/114] PL_1465_2026.pdf  Altera a Lei nº 9.795, de 27 de abril de 1999, que institui a Política Nacional 
  [101/114] PL_1466_2026.pdf  Altera o art. 36 da Lei no 9.394, de 20 de dezembro de 1996, Esta Lei altera a l
  [102/114] PL_1473_2026.pdf  Altera a Lei nº 9.394, de 20 de dezembro de 1996 (Lei de Diretrizes e Bases da E
  [103/114] PL_1490_2026.pdf  Altera o § 2º do art. 67 da Lei nº 9.394, de 20 de dezembro de 1996 (Lei de Dire
  [104/114] PL_1500_2026.pdf  Autoriza a criação do Programa Nacional de Infraestrutura Digital e Estratégia I
  [105/114] PL_1505_2026.pdf  Estabelece a política nacional de alfabetização integral e equitativa, fixa meta
  [106/114] PL_1513_2026.pdf  Institui o Programa Nacional Obrigatório de Integridade e Capacitação Gestora (P
  [107/114] PL_1517_2026.pdf  Reconhece, tutela e uniformiza em âmbito nacional as políticas de ações afirmati
  [108/114] PL_1531_2026.pdf  Altera a Lei nº 9.394, de 20 de dezembro de 1996 (Lei de Diretrizes e Bases da E
  [109/114] PL_1554_2026.pdf  Dispõe sobre a inclusão obrigatória de conteúdos relativos ao combate à violênci
  [110/114] PL_1555_2026.pdf  Altera a redação do § 9º do art. 26 da Lei nº 9.394, de 1996, de diretrizes e ba
  [111/114] PL_1556_2026.pdf  Dispõe sobre a obrigatoriedade da inclusão de conteúdos de educação para o trâns
  [112/114] PL_1568_2026.pdf  Altera a Lei nº 8.069, de 13 de julho de 1990 (Estatuto da Criança e do Adolesce
  [113/114] PL_1573_2026.pdf  Altera a Lei nº 9.394, de 20 de dezembro de 1996, para dispor sobre o incentivo 
  [114/114] PL_1593_2026.pdf  Dispõe sobre a unificação de registros educacionais na Plataforma de Governança 

metadata: /Users/felipefaria/Playgroung/rag-playground/week11/source/metadata.csv (342 rows)
